// Jest Snapshot v1, https://goo.gl/fbAQLP

exports[`renders correctly 1`] = `
<div>
  <p>
    Gender :
    
  </p>
  <button
    onClick={[Function]}
  >
    Male
  </button>
  <button
    onClick={[Function]}
  >
    Female
  </button>
</div>
`;
